2012-01-01|RatePlan-A|Roomtype-A|P3D|1:5512,2:5522,3:5532,4:5542
2012-01-01|RatePlan-A|Roomtype-A|P2D|2:5262.5,3:6025
2012-01-03|RatePlan-A|Roomtype-A|P4D|1:7512,2:7522,3:7532,4:7542