2012-01-01|RatePlan-A|Roomtype-A|P3D|1:5512,2:5522,3:5532,4:5542
2012-01-02|RatePlan-A|Roomtype-A|P7D|1:5512,2:5522,3:5532,4:5542